{
  "id": 100000,
  "name": "Classic Pancakes",
  "description": "Fluffy and delicious breakfast pancakes",
  "ingredients": [
    {
      "name": "Flour",
      "amount": 2,
      "unit": "cups"
    },
    {
      "name": "Milk",
      "amount": 2,
      "unit": "cups"
    },
    {
      "name": "Eggs",
      "amount": 2,
      "unit": ""
    },
    {
      "name": "Sugar",
      "amount": 2,
      "unit": "tablespoons"
    },
    {
      "name": "Baking Powder",
      "amount": 1,
      "unit": "tablespoon"
    }
  ],
  "cooking_time_in_minutes": 20,
  "type": "BREAKFAST"
}