{
  "ingredients": "At least one ingredient must be provided"
}