{
  "cookingTimeInMinutes": "Cooking time must be provided"
}