{
  "description": "Description must not be empty"
}